// Jest Snapshot v1, https://jestjs.io/docs/snapshot-testing

exports[`empty page pagination 1`] = `
[
  <b>
    0
     - 
    0
  </b>,
  <b>
    0
  </b>,
  <span
    aria-hidden="true"
  >
    of
     
    0
  </span>,
]
`;
