// Jest Snapshot v1, https://goo.gl/fbAQLP

exports[`default state 1`] = `
{
  "hasFeatureFlags": false,
  "isCostDistributionFeatureEnabled": false,
  "isCostTypeFeatureEnabled": false,
  "isCurrencyFeatureEnabled": false,
  "isDefaultProjectsFeatureEnabled": false,
  "isExportsFeatureEnabled": false,
  "isIbmFeatureEnabled": false,
  "isNegativeFilteringFeatureEnabled": false,
  "isOciFeatureEnabled": false,
  "isUnallocatedCostsFeatureEnabled": false,
}
`;
