// Jest Snapshot v1, https://goo.gl/fbAQLP

exports[`fetch widget reports 1`] = `
[
  [
    "aws",
    "cost",
    "filter[time_scope_units]=month&filter[time_scope_value]=-1&filter[resolution]=daily&cost_type=unblended_cost",
  ],
  [
    "aws",
    "cost",
    "filter[time_scope_units]=month&filter[time_scope_value]=-2&filter[resolution]=daily&cost_type=unblended_cost",
  ],
  [
    "aws",
    "cost",
    "filter[time_scope_units]=month&filter[time_scope_value]=-1&filter[resolution]=monthly&filter[limit]=3&group_by[service]=*&cost_type=unblended_cost",
  ],
]
`;

exports[`getGroupByForTab accounts tab 1`] = `{}`;

exports[`getGroupByForTab regions tab 1`] = `{}`;

exports[`getGroupByForTab services tab 1`] = `{}`;

exports[`getGroupByForTab unknown tab 1`] = `{}`;
