// Jest Snapshot v1, https://goo.gl/fbAQLP

exports[`default state 1`] = `
{
  "byId": Map {},
  "errors": Map {},
  "notification": Map {},
  "status": Map {},
}
`;
