// Jest Snapshot v1, https://goo.gl/fbAQLP

exports[`dialog title renders correctly with icon and title text 1`] = `
<span
  class="pf-v6-c-modal-box__title-text"
>
  Test dialog
</span>
`;
