// Jest Snapshot v1, https://goo.gl/fbAQLP

exports[`reports are formatted to datums 1`] = `
<div>
  <h3
    class="pf-v6-c-title pf-m-md"
    data-ouia-component-id="OUIA-Generated-Title-1"
    data-ouia-component-type="PF6/Title"
    data-ouia-safe="true"
  >
    Example Trend Title
  </h3>
  <div
    class="chartOverride"
  >
    <div
      data-testid="trend-chart-wrapper"
      style="height: 100px;"
    >
      <div
        class="pf-v6-c-chart"
        style="height: 100%; width: 100%; user-select: none; pointer-events: none; position: relative;"
      >
        <svg
          aria-labelledby="victory-container-2-title"
          height="100"
          role="img"
          style="width: 100%; height: 100%; pointer-events: all;"
          viewBox="0 0 0 100"
          width="0"
        >
          <title
            id="victory-container-2-title"
          >
            Example Trend Title
          </title>
          <g
            clip-path="url(#victory-clip-4)"
            style="height: 100%; width: 100%; user-select: none;"
          >
            <defs>
              <clippath
                id="victory-clip-4"
              >
                <rect
                  height="42"
                  vector-effect="non-scaling-stroke"
                  width="16"
                  x="-8"
                  y="8"
                />
              </clippath>
            </defs>
            <g>
              <path
                d="M0.5333333333333332,29L0.5333333333333332,50Z"
                role="presentation"
                shape-rendering="auto"
                style="fill: none; stroke: none; fill-opacity: 0.3; stroke-width: 2;"
              />
              <path
                d="M0.5333333333333332,29Z"
                role="presentation"
                shape-rendering="auto"
                style="fill: none; stroke: #e0e0e0; fill-opacity: 0.3; stroke-width: 2;"
              />
            </g>
          </g>
          <g
            clip-path="url(#victory-clip-6)"
            style="height: 100%; width: 100%; user-select: none;"
          >
            <defs>
              <clippath
                id="victory-clip-6"
              >
                <rect
                  height="42"
                  vector-effect="non-scaling-stroke"
                  width="16"
                  x="-8"
                  y="8"
                />
              </clippath>
            </defs>
            <g>
              <path
                d="M0.5333333333333332,29L0.5333333333333332,50Z"
                role="presentation"
                shape-rendering="auto"
                style="fill: none; stroke: none; fill-opacity: 0.3; stroke-width: 2;"
              />
              <path
                d="M0.5333333333333332,29Z"
                role="presentation"
                shape-rendering="auto"
                style="fill: none; stroke: #3d7317; fill-opacity: 0.3; stroke-width: 2;"
              />
            </g>
          </g>
          <g
            role="presentation"
          >
            <line
              role="presentation"
              shape-rendering="auto"
              style="stroke: var(--pf-v6-chart-axis--axis--stroke--Color, #c7c7c7); fill: var(--pf-v6-chart-axis--axis--Fill, transparent); stroke-width: 1; stroke-linecap: round; stroke-linejoin: round;"
              vector-effect="non-scaling-stroke"
              x1="8"
              x2="-8"
              y1="50"
              y2="50"
            />
            <g
              role="presentation"
            >
              <text
                direction="inherit"
                dx="0"
                id="exampleTrendChart-ChartAxis-2-ChartLabel-0"
                x="8"
                y="76.97"
              >
                <tspan
                  dx="0"
                  dy="0"
                  style="font-family: var(--pf-v6-chart-global--FontFamily, 'Red Hat Text', 'RedHatText', 'Noto Sans Arabic', 'Noto Sans Hebrew', 'Noto Sans JP', 'Noto Sans KR', 'Noto Sans Malayalam', 'Noto Sans SC', 'Noto Sans TC', 'Noto Sans Thai', Helvetica, Arial, sans-serif); font-size: 14px; letter-spacing: normal; padding: 10px; stroke: var(--pf-v6-chart-global--label--stroke, transparent); fill: var(--pf-v6-chart-axis--tick-label--Fill, #383838); text-anchor: middle;"
                  text-anchor="middle"
                  x="8"
                >
                  1
                </tspan>
              </text>
            </g>
            <g
              role="presentation"
            >
              <text
                direction="inherit"
                dx="0"
                id="exampleTrendChart-ChartAxis-2-ChartLabel-1"
                x="0.5333333333333332"
                y="76.97"
              >
                <tspan
                  dx="0"
                  dy="0"
                  style="font-family: var(--pf-v6-chart-global--FontFamily, 'Red Hat Text', 'RedHatText', 'Noto Sans Arabic', 'Noto Sans Hebrew', 'Noto Sans JP', 'Noto Sans KR', 'Noto Sans Malayalam', 'Noto Sans SC', 'Noto Sans TC', 'Noto Sans Thai', Helvetica, Arial, sans-serif); font-size: 14px; letter-spacing: normal; padding: 10px; stroke: var(--pf-v6-chart-global--label--stroke, transparent); fill: var(--pf-v6-chart-axis--tick-label--Fill, #383838); text-anchor: middle;"
                  text-anchor="middle"
                  x="0.5333333333333332"
                >
                  15
                </tspan>
              </text>
            </g>
            <g
              role="presentation"
            >
              <text
                direction="inherit"
                dx="0"
                id="exampleTrendChart-ChartAxis-2-ChartLabel-2"
                x="-8"
                y="76.97"
              >
                <tspan
                  dx="0"
                  dy="0"
                  style="font-family: var(--pf-v6-chart-global--FontFamily, 'Red Hat Text', 'RedHatText', 'Noto Sans Arabic', 'Noto Sans Hebrew', 'Noto Sans JP', 'Noto Sans KR', 'Noto Sans Malayalam', 'Noto Sans SC', 'Noto Sans TC', 'Noto Sans Thai', Helvetica, Arial, sans-serif); font-size: 14px; letter-spacing: normal; padding: 10px; stroke: var(--pf-v6-chart-global--label--stroke, transparent); fill: var(--pf-v6-chart-axis--tick-label--Fill, #383838); text-anchor: middle;"
                  text-anchor="middle"
                  x="-8"
                >
                  31
                </tspan>
              </text>
            </g>
          </g>
          <g
            role="presentation"
          >
            <line
              role="presentation"
              shape-rendering="auto"
              style="stroke: var(--pf-v6-chart-axis--axis--stroke--Color, #c7c7c7); fill: var(--pf-v6-chart-axis--axis--Fill, transparent); stroke-width: 1; stroke-linecap: round; stroke-linejoin: round;"
              vector-effect="non-scaling-stroke"
              x1="8"
              x2="8"
              y1="8"
              y2="50"
            />
            <g
              role="presentation"
            >
              <text
                direction="inherit"
                dx="0"
                id="exampleTrendChart-ChartAxis-3-ChartLabel-0"
                x="-7"
                y="39.5"
              >
                <tspan
                  dx="0"
                  dy="0"
                  style="font-size: 0px; font-family: var(--pf-v6-chart-global--FontFamily, 'Red Hat Text', 'RedHatText', 'Noto Sans Arabic', 'Noto Sans Hebrew', 'Noto Sans JP', 'Noto Sans KR', 'Noto Sans Malayalam', 'Noto Sans SC', 'Noto Sans TC', 'Noto Sans Thai', Helvetica, Arial, sans-serif); letter-spacing: normal; padding: 10px; stroke: var(--pf-v6-chart-global--label--stroke, transparent); fill: var(--pf-v6-chart-axis--tick-label--Fill, #383838); text-anchor: end;"
                  text-anchor="end"
                  x="-7"
                >
                  0.5
                </tspan>
              </text>
            </g>
            <g
              role="presentation"
            >
              <text
                direction="inherit"
                dx="0"
                id="exampleTrendChart-ChartAxis-3-ChartLabel-1"
                x="-7"
                y="29"
              >
                <tspan
                  dx="0"
                  dy="0"
                  style="font-size: 0px; font-family: var(--pf-v6-chart-global--FontFamily, 'Red Hat Text', 'RedHatText', 'Noto Sans Arabic', 'Noto Sans Hebrew', 'Noto Sans JP', 'Noto Sans KR', 'Noto Sans Malayalam', 'Noto Sans SC', 'Noto Sans TC', 'Noto Sans Thai', Helvetica, Arial, sans-serif); letter-spacing: normal; padding: 10px; stroke: var(--pf-v6-chart-global--label--stroke, transparent); fill: var(--pf-v6-chart-axis--tick-label--Fill, #383838); text-anchor: end;"
                  text-anchor="end"
                  x="-7"
                >
                  1.0
                </tspan>
              </text>
            </g>
            <g
              role="presentation"
            >
              <text
                direction="inherit"
                dx="0"
                id="exampleTrendChart-ChartAxis-3-ChartLabel-2"
                x="-7"
                y="18.5"
              >
                <tspan
                  dx="0"
                  dy="0"
                  style="font-size: 0px; font-family: var(--pf-v6-chart-global--FontFamily, 'Red Hat Text', 'RedHatText', 'Noto Sans Arabic', 'Noto Sans Hebrew', 'Noto Sans JP', 'Noto Sans KR', 'Noto Sans Malayalam', 'Noto Sans SC', 'Noto Sans TC', 'Noto Sans Thai', Helvetica, Arial, sans-serif); letter-spacing: normal; padding: 10px; stroke: var(--pf-v6-chart-global--label--stroke, transparent); fill: var(--pf-v6-chart-axis--tick-label--Fill, #383838); text-anchor: end;"
                  text-anchor="end"
                  x="-7"
                >
                  1.5
                </tspan>
              </text>
            </g>
            <g
              role="presentation"
            >
              <text
                direction="inherit"
                dx="0"
                id="exampleTrendChart-ChartAxis-3-ChartLabel-3"
                x="-7"
                y="8"
              >
                <tspan
                  dx="0"
                  dy="0"
                  style="font-size: 0px; font-family: var(--pf-v6-chart-global--FontFamily, 'Red Hat Text', 'RedHatText', 'Noto Sans Arabic', 'Noto Sans Hebrew', 'Noto Sans JP', 'Noto Sans KR', 'Noto Sans Malayalam', 'Noto Sans SC', 'Noto Sans TC', 'Noto Sans Thai', Helvetica, Arial, sans-serif); letter-spacing: normal; padding: 10px; stroke: var(--pf-v6-chart-global--label--stroke, transparent); fill: var(--pf-v6-chart-axis--tick-label--Fill, #383838); text-anchor: end;"
                  text-anchor="end"
                  x="-7"
                >
                  2.0
                </tspan>
              </text>
            </g>
          </g>
          <g>
            <rect
              height="14"
              role="presentation"
              shape-rendering="auto"
              style="fill: none;"
              vector-effect="non-scaling-stroke"
              width="79.2"
              x="0"
              y="82"
            />
            <path
              d="M 7.84, 98.156
      h12.32
      v-4.312
      h-12.32
      z"
              role="presentation"
              shape-rendering="auto"
              style="fill: #e0e0e0;"
            />
            <path
              d="M 47.44, 98.156
      h12.320000000000007
      v-4.312
      h-12.320000000000007
      z"
              role="presentation"
              shape-rendering="auto"
              style="fill: #3d7317;"
            />
            <text
              direction="inherit"
              dx="0"
              id="exampleTrendChart-legend-ChartLabel-0"
              x="30.8"
              y="100.97"
            >
              <tspan
                dx="0"
                dy="0"
                style="font-family: var(--pf-v6-chart-global--FontFamily, 'Red Hat Text', 'RedHatText', 'Noto Sans Arabic', 'Noto Sans Hebrew', 'Noto Sans JP', 'Noto Sans KR', 'Noto Sans Malayalam', 'Noto Sans SC', 'Noto Sans TC', 'Noto Sans Thai', Helvetica, Arial, sans-serif); font-size: 14px; letter-spacing: normal; padding: 10px; stroke: var(--pf-v6-chart-global--label--stroke, transparent); fill: var(--pf-v6-chart-global--label--Fill, #1f1f1f);"
                text-anchor="start"
                x="30.8"
              >
                Cost ({dateRange}){"dateRange":""}
              </tspan>
            </text>
            <text
              direction="inherit"
              dx="0"
              id="exampleTrendChart-legend-ChartLabel-1"
              x="70.39999999999999"
              y="100.97"
            >
              <tspan
                dx="0"
                dy="0"
                style="font-family: var(--pf-v6-chart-global--FontFamily, 'Red Hat Text', 'RedHatText', 'Noto Sans Arabic', 'Noto Sans Hebrew', 'Noto Sans JP', 'Noto Sans KR', 'Noto Sans Malayalam', 'Noto Sans SC', 'Noto Sans TC', 'Noto Sans Thai', Helvetica, Arial, sans-serif); font-size: 14px; letter-spacing: normal; padding: 10px; stroke: var(--pf-v6-chart-global--label--stroke, transparent); fill: var(--pf-v6-chart-global--label--Fill, #1f1f1f);"
                text-anchor="start"
                x="70.39999999999999"
              >
                Cost ({dateRange}){"dateRange":""}
              </tspan>
            </text>
          </g>
        </svg>
        <div
          style="width: 100%; height: 100%; z-index: 99; position: absolute; top: 0px; left: 0px;"
        >
          <svg
            height="100"
            style="width: 100%; height: 100%; overflow: visible;"
            viewBox="0 0 0 100"
            width="0"
          />
        </div>
      </div>
    </div>
  </div>
</div>
`;
