// Jest Snapshot v1, https://goo.gl/fbAQLP

exports[`reports are formatted to datums 1`] = `
<div>
  <h3
    class="pf-c-title pf-m-md"
    data-ouia-component-id="OUIA-Generated-Title-1"
    data-ouia-component-type="PF4/Title"
    data-ouia-safe="true"
  >
    Trend Title
  </h3>
  <div
    class="chartOverride"
    style="height: 100px;"
  >
    <div
      data-testid="trend-chart-wrapper"
      style="height: 100px; width: 0px;"
    >
      <div
        class="pf-c-chart"
        style="height: 100%; width: 100%; user-select: none; pointer-events: none; position: relative;"
      >
        <svg
          height="100"
          role="img"
          style="pointer-events: all; width: 100%; height: 100%;"
          viewBox="0 0 0 100"
          width="0"
        >
          <g
            clip-path="url(#victory-clip-5)"
            style="height: 100%; width: 100%; user-select: none;"
          >
            <defs>
              <clippath
                id="victory-clip-5"
              >
                <rect
                  height="42"
                  vector-effect="non-scaling-stroke"
                  width="16"
                  x="-8"
                  y="8"
                />
              </clippath>
            </defs>
            <g>
              <path
                d="M0.5333333333333332,50L0.5333333333333332,50Z"
                role="presentation"
                shape-rendering="auto"
                style="fill: none; stroke: none; fill-opacity: 0.3; stroke-width: 2;"
              />
              <path
                d="M0.5333333333333332,50Z"
                role="presentation"
                shape-rendering="auto"
                style="fill: none; stroke: #d2d2d2; fill-opacity: 0.3; stroke-width: 2;"
              />
            </g>
          </g>
          <g
            clip-path="url(#victory-clip-6)"
            style="height: 100%; width: 100%; user-select: none;"
          >
            <defs>
              <clippath
                id="victory-clip-6"
              >
                <rect
                  height="42"
                  vector-effect="non-scaling-stroke"
                  width="16"
                  x="-8"
                  y="8"
                />
              </clippath>
            </defs>
            <g>
              <path
                d="M0.5333333333333332,50L0.5333333333333332,50Z"
                role="presentation"
                shape-rendering="auto"
                style="fill: none; stroke: none; fill-opacity: 0.3; stroke-width: 2;"
              />
              <path
                d="M0.5333333333333332,50Z"
                role="presentation"
                shape-rendering="auto"
                style="fill: none; stroke: #38812f; fill-opacity: 0.3; stroke-width: 2;"
              />
            </g>
          </g>
          <g
            role="presentation"
          >
            <line
              role="presentation"
              shape-rendering="auto"
              style="stroke: var(--pf-chart-axis--axis--stroke--Color, #d2d2d2); fill: var(--pf-chart-axis--axis--Fill, transparent); stroke-width: 1; stroke-linecap: round; stroke-linejoin: round;"
              vector-effect="non-scaling-stroke"
              x1="8"
              x2="-8"
              y1="50"
              y2="50"
            />
            <g
              role="presentation"
            >
              <text
                direction="inherit"
                dx="0"
                id="chart-axis-2-tickLabels-0"
                x="8"
                y="76.97"
              >
                <tspan
                  dx="0"
                  dy="0"
                  style="font-family: \\"RedHatText\\",\\"Overpass\\",overpass,helvetica,arial,sans-serif; font-size: 14px; letter-spacing: normal; padding: 10px; stroke: var(--pf-chart-global--label--stroke, transparent); fill: var(--pf-chart-axis--tick-label--Fill, #4f5255);"
                  text-anchor="middle"
                  x="8"
                >
                  1
                </tspan>
              </text>
            </g>
            <g
              role="presentation"
            >
              <text
                direction="inherit"
                dx="0"
                id="chart-axis-2-tickLabels-1"
                x="0.5333333333333332"
                y="76.97"
              >
                <tspan
                  dx="0"
                  dy="0"
                  style="font-family: \\"RedHatText\\",\\"Overpass\\",overpass,helvetica,arial,sans-serif; font-size: 14px; letter-spacing: normal; padding: 10px; stroke: var(--pf-chart-global--label--stroke, transparent); fill: var(--pf-chart-axis--tick-label--Fill, #4f5255);"
                  text-anchor="middle"
                  x="0.5333333333333332"
                >
                  15
                </tspan>
              </text>
            </g>
            <g
              role="presentation"
            >
              <text
                direction="inherit"
                dx="0"
                id="chart-axis-2-tickLabels-2"
                x="-8"
                y="76.97"
              >
                <tspan
                  dx="0"
                  dy="0"
                  style="font-family: \\"RedHatText\\",\\"Overpass\\",overpass,helvetica,arial,sans-serif; font-size: 14px; letter-spacing: normal; padding: 10px; stroke: var(--pf-chart-global--label--stroke, transparent); fill: var(--pf-chart-axis--tick-label--Fill, #4f5255);"
                  text-anchor="middle"
                  x="-8"
                >
                  31
                </tspan>
              </text>
            </g>
          </g>
          <g
            role="presentation"
          >
            <line
              role="presentation"
              shape-rendering="auto"
              style="stroke: var(--pf-chart-axis--axis--stroke--Color, #d2d2d2); fill: var(--pf-chart-axis--axis--Fill, transparent); stroke-width: 1; stroke-linecap: round; stroke-linejoin: round;"
              vector-effect="non-scaling-stroke"
              x1="8"
              x2="8"
              y1="8"
              y2="50"
            />
            <g
              role="presentation"
            >
              <text
                direction="inherit"
                dx="0"
                id="chart-axis-3-tickLabels-0"
                x="-7"
                y="39.5"
              >
                <tspan
                  dx="0"
                  dy="0"
                  style="font-size: 0px; font-family: \\"RedHatText\\",\\"Overpass\\",overpass,helvetica,arial,sans-serif; letter-spacing: normal; padding: 10px; stroke: var(--pf-chart-global--label--stroke, transparent); fill: var(--pf-chart-axis--tick-label--Fill, #4f5255);"
                  text-anchor="end"
                  x="-7"
                >
                  0.00000000005
                </tspan>
              </text>
            </g>
            <g
              role="presentation"
            >
              <text
                direction="inherit"
                dx="0"
                id="chart-axis-3-tickLabels-1"
                x="-7"
                y="29"
              >
                <tspan
                  dx="0"
                  dy="0"
                  style="font-size: 0px; font-family: \\"RedHatText\\",\\"Overpass\\",overpass,helvetica,arial,sans-serif; letter-spacing: normal; padding: 10px; stroke: var(--pf-chart-global--label--stroke, transparent); fill: var(--pf-chart-axis--tick-label--Fill, #4f5255);"
                  text-anchor="end"
                  x="-7"
                >
                  0.00000000010
                </tspan>
              </text>
            </g>
            <g
              role="presentation"
            >
              <text
                direction="inherit"
                dx="0"
                id="chart-axis-3-tickLabels-2"
                x="-7"
                y="18.5"
              >
                <tspan
                  dx="0"
                  dy="0"
                  style="font-size: 0px; font-family: \\"RedHatText\\",\\"Overpass\\",overpass,helvetica,arial,sans-serif; letter-spacing: normal; padding: 10px; stroke: var(--pf-chart-global--label--stroke, transparent); fill: var(--pf-chart-axis--tick-label--Fill, #4f5255);"
                  text-anchor="end"
                  x="-7"
                >
                  0.00000000015
                </tspan>
              </text>
            </g>
            <g
              role="presentation"
            >
              <text
                direction="inherit"
                dx="0"
                id="chart-axis-3-tickLabels-3"
                x="-7"
                y="8"
              >
                <tspan
                  dx="0"
                  dy="0"
                  style="font-size: 0px; font-family: \\"RedHatText\\",\\"Overpass\\",overpass,helvetica,arial,sans-serif; letter-spacing: normal; padding: 10px; stroke: var(--pf-chart-global--label--stroke, transparent); fill: var(--pf-chart-axis--tick-label--Fill, #4f5255);"
                  text-anchor="end"
                  x="-7"
                >
                  0.00000000020
                </tspan>
              </text>
            </g>
          </g>
          <g>
            <rect
              height="61.809999999999995"
              role="presentation"
              shape-rendering="auto"
              style="fill: none;"
              vector-effect="non-scaling-stroke"
              width="7392.509375000034"
              x="0"
              y="82"
            />
            <path
              d="M 7.84, 98.156
      h12.32
      v-4.312
      h-12.32
      z"
              role="presentation"
              shape-rendering="auto"
              style="fill: #d2d2d2;"
            />
            <path
              d="M 7.84, 129.061
      h12.32
      v-4.312
      h-12.32
      z"
              role="presentation"
              shape-rendering="auto"
              style="fill: #38812f;"
            />
            <text
              direction="inherit"
              dx="0"
              id="legend-labels-0"
              x="30.8"
              y="100.97"
            >
              <tspan
                dx="0"
                dy="0"
                style="font-family: \\"RedHatText\\",\\"Overpass\\",overpass,helvetica,arial,sans-serif; font-size: 14px; letter-spacing: normal; padding: 10px; stroke: var(--pf-chart-global--label--stroke, transparent); fill: var(--pf-chart-global--label--Fill, #151515);"
                text-anchor="start"
                x="30.8"
              >
                {month, select, 0 {{count, plural, one {Cost (Jan {startDate})} other {Cost (Jan {startDate}-{endDate})}}} 1 {{count, plural, one {Cost (Feb {startDate})} other {Cost (Feb {startDate}-{endDate})}}} 2 {{count, plural, one {Cost (Mar {startDate})} other {Cost (Mar {startDate}-{endDate})}}} 3 {{count, plural, one {Cost (Apr {startDate})} other {Cost (Apr {startDate}-{endDate})}}} 4 {{count, plural, one {Cost (May {startDate})} other {Cost (May {startDate}-{endDate})}}} 5 {{count, plural, one {Cost (Jun {startDate})} other {Cost (Jun {startDate}-{endDate})}}} 6 {{count, plural, one {Cost (Jul {startDate})} other {Cost (Jul {startDate}-{endDate})}}} 7 {{count, plural, one {Cost (Aug {startDate})} other {Cost (Aug {startDate}-{endDate})}}} 8 {{count, plural, one {Cost (Sep {startDate})} other {Cost (Sep {startDate}-{endDate})}}} 9 {{count, plural, one {Cost (Oct {startDate})} other {Cost (Oct {startDate}-{endDate})}}} 10 {{count, plural, one {Cost (Nov {startDate})} other {Cost (Nov {startDate}-{endDate})}}} 11 {{count, plural, one {Cost (Dec {startDate})} other {Cost (Dec {startDate}-{endDate})}}} other {}}{"count":31,"startDate":"1","endDate":"31","month":11,"year":2017}
              </tspan>
            </text>
            <text
              direction="inherit"
              dx="0"
              id="legend-labels-1"
              x="30.8"
              y="131.875"
            >
              <tspan
                dx="0"
                dy="0"
                style="font-family: \\"RedHatText\\",\\"Overpass\\",overpass,helvetica,arial,sans-serif; font-size: 14px; letter-spacing: normal; padding: 10px; stroke: var(--pf-chart-global--label--stroke, transparent); fill: var(--pf-chart-global--label--Fill, #151515);"
                text-anchor="start"
                x="30.8"
              >
                {month, select, 0 {{count, plural, one {Cost (Jan {startDate})} other {Cost (Jan {startDate}-{endDate})}}} 1 {{count, plural, one {Cost (Feb {startDate})} other {Cost (Feb {startDate}-{endDate})}}} 2 {{count, plural, one {Cost (Mar {startDate})} other {Cost (Mar {startDate}-{endDate})}}} 3 {{count, plural, one {Cost (Apr {startDate})} other {Cost (Apr {startDate}-{endDate})}}} 4 {{count, plural, one {Cost (May {startDate})} other {Cost (May {startDate}-{endDate})}}} 5 {{count, plural, one {Cost (Jun {startDate})} other {Cost (Jun {startDate}-{endDate})}}} 6 {{count, plural, one {Cost (Jul {startDate})} other {Cost (Jul {startDate}-{endDate})}}} 7 {{count, plural, one {Cost (Aug {startDate})} other {Cost (Aug {startDate}-{endDate})}}} 8 {{count, plural, one {Cost (Sep {startDate})} other {Cost (Sep {startDate}-{endDate})}}} 9 {{count, plural, one {Cost (Oct {startDate})} other {Cost (Oct {startDate}-{endDate})}}} 10 {{count, plural, one {Cost (Nov {startDate})} other {Cost (Nov {startDate}-{endDate})}}} 11 {{count, plural, one {Cost (Dec {startDate})} other {Cost (Dec {startDate}-{endDate})}}} other {}}{"count":31,"startDate":"1","endDate":"31","month":0,"year":2018}
              </tspan>
            </text>
          </g>
        </svg>
        <div
          style="z-index: 99; position: absolute; top: 0px; left: 0px; width: 100%; height: 100%;"
        >
          <svg
            height="100"
            style="overflow: visible; width: 100%; height: 100%;"
            viewBox="0 0 0 100"
            width="0"
          />
        </div>
      </div>
    </div>
  </div>
</div>
`;
