// Jest Snapshot v1, https://goo.gl/fbAQLP

exports[`contains skeleton readers if in progress 1`] = `
<div>
  <div
    class="pf-c-skeleton"
    style="--pf-c-skeleton--Width: 66%;"
  >
    <span
      class="pf-u-screen-reader"
    />
  </div>
  <div
    class="pf-c-skeleton skeleton"
    style="--pf-c-skeleton--Width: 66%;"
  >
    <span
      class="pf-u-screen-reader"
    />
  </div>
  <div
    class="pf-c-skeleton skeleton"
    style="--pf-c-skeleton--Width: 66%;"
  >
    <span
      class="pf-u-screen-reader"
    />
  </div>
  <div
    class="pf-c-skeleton skeleton"
    style="--pf-c-skeleton--Width: 66%;"
  >
    <span
      class="pf-u-screen-reader"
    />
  </div>
</div>
`;
