// Jest Snapshot v1, https://jestjs.io/docs/snapshot-testing

exports[`default state 1`] = `
{
  "byId": Map {},
  "errors": Map {},
  "fetchStatus": Map {},
}
`;
