// Jest Snapshot v1, https://jestjs.io/docs/snapshot-testing

exports[`default state 1`] = `
{
  "isExportsDrawerOpen": false,
  "isOptimizationsDrawerOpen": false,
  "payload": undefined,
}
`;
