// Jest Snapshot v1, https://jestjs.io/docs/snapshot-testing

exports[`default state 1`] = `
{
  "isAwsEc2InstancesToggleEnabled": false,
  "isDebugToggleEnabled": false,
  "isExactFilterToggleEnabled": false,
  "isExportsToggleEnabled": false,
  "isSystemsToggleEnabled": false,
}
`;
