// Jest Snapshot v1, https://goo.gl/fbAQLP

exports[`fetch widget reports 1`] = `
Array [
  Array [
    "oci",
    "cost",
    "filter[time_scope_units]=month&filter[time_scope_value]=-1&filter[resolution]=daily",
  ],
  Array [
    "oci",
    "cost",
    "filter[time_scope_units]=month&filter[time_scope_value]=-2&filter[resolution]=daily",
  ],
  Array [
    "oci",
    "cost",
    "filter[time_scope_units]=month&filter[time_scope_value]=-1&filter[resolution]=monthly&filter[limit]=3&group_by[product_service]=*",
  ],
]
`;

exports[`getGroupByForTab accounts tab 1`] = `
Object {
  "payer_tenant_id": "*",
}
`;

exports[`getGroupByForTab regions tab 1`] = `
Object {
  "region": "*",
}
`;

exports[`getGroupByForTab services tab 1`] = `
Object {
  "product_service": "*",
}
`;

exports[`getGroupByForTab unknown tab 1`] = `Object {}`;
