// Jest Snapshot v1, https://goo.gl/fbAQLP

exports[`DashboardWidgetBase title and trend title translate 1`] = `"test title"`;

exports[`DashboardWidgetBase title and trend title translate 2`] = `"test trend title"`;
