// Jest Snapshot v1, https://goo.gl/fbAQLP

exports[`fetch widget reports 1`] = `
Array [
  Array [
    "gcp_ocp",
    "cost",
    "filter[time_scope_units]=month&filter[time_scope_value]=-1&filter[resolution]=daily",
  ],
  Array [
    "gcp_ocp",
    "cost",
    "filter[time_scope_units]=month&filter[time_scope_value]=-2&filter[resolution]=daily",
  ],
  Array [
    "gcp_ocp",
    "cost",
    "filter[time_scope_units]=month&filter[time_scope_value]=-1&filter[resolution]=monthly&filter[limit]=3&group_by[service]=*",
  ],
]
`;

exports[`getGroupByForTab accounts tab 1`] = `Object {}`;

exports[`getGroupByForTab instance types tab 1`] = `Object {}`;

exports[`getGroupByForTab regions tab 1`] = `Object {}`;

exports[`getGroupByForTab services tab 1`] = `Object {}`;

exports[`getGroupByForTab unknown tab 1`] = `Object {}`;
